-- goimports --
package imports //@import("package")

import (
	"embed"
	"fmt"
)

//go:embed embed_add.go.in
var file embed.FS

func _() {
	fmt.Println(file)
}

